// Jest Snapshot v1, https://goo.gl/fbAQLP

exports[`UserHomeList renders correctly 1`] = `
Array [
  <View
    style={
      Object {
        "alignItems": "center",
        "flexDirection": "column",
        "marginBottom": "5%",
      }
    }
  >
    <Image
      source={
        Object {
          "uri": undefined,
        }
      }
      style={
        Object {
          "borderRadius": 5,
          "height": 150,
          "marginTop": "5%",
          "width": 150,
        }
      }
    />
  </View>,
  <View
    style={
      Object {
        "alignItems": "center",
        "backgroundColor": "#fff2e6",
        "borderRadius": 20,
        "flexDirection": "column",
        "justifyContent": "center",
        "marginBottom": "10%",
        "padding": 10,
      }
    }
  >
    <Text
      style={
        Object {
          "fontWeight": "bold",
        }
      }
    >
      Welcome 
      !
    </Text>
  </View>,
  <View
    style={
      Object {
        "alignItems": "center",
        "backgroundColor": "#F2F2F2",
        "borderRadius": 20,
        "flexDirection": "row",
        "justifyContent": "flex-start",
        "marginBottom": "10%",
        "padding": 10,
      }
    }
  >
    <Text>
      <Text
        style={
          Object {
            "fontWeight": "bold",
          }
        }
      >
        First Name:
      </Text>
       
    </Text>
  </View>,
  <View
    style={
      Object {
        "alignItems": "center",
        "backgroundColor": "#F2F2F2",
        "borderRadius": 20,
        "flexDirection": "row",
        "justifyContent": "flex-start",
        "marginBottom": "10%",
        "padding": 10,
      }
    }
  >
    <Text>
      <Text
        style={
          Object {
            "fontWeight": "bold",
          }
        }
      >
        Last Name:
      </Text>
       
    </Text>
  </View>,
  <View
    style={
      Object {
        "alignItems": "center",
        "backgroundColor": "#F2F2F2",
        "borderRadius": 20,
        "flexDirection": "row",
        "justifyContent": "flex-start",
        "marginBottom": "10%",
        "padding": 10,
      }
    }
  >
    <Text>
      <Text
        style={
          Object {
            "fontWeight": "bold",
          }
        }
      >
        Email:
      </Text>
       
    </Text>
  </View>,
]
`;
